// Jest Snapshot v1, https://goo.gl/fbAQLP

exports[`<Dropdown /> should correctly render the dropdown component 1`] = `
.c2 {
  position: relative;
  height: 56px;
  width: -webkit-max-content;
  width: -moz-max-content;
  width: max-content;
  max-width: 32rem;
  background-color: #ffffff;
  border-radius: 1rem;
  -webkit-transition: 0.2s;
  transition: 0.2s;
}

.c3 {
  display: -webkit-box;
  display: -webkit-flex;
  display: -ms-flexbox;
  display: flex;
  -webkit-align-items: center;
  -webkit-box-align: center;
  -ms-flex-align: center;
  align-items: center;
  padding: 16px;
  cursor: pointer;
  z-index: 50;
}

.c4 {
  height: 2.4rem;
  font-size: 2rem;
  margin-right: 16px;
  cursor: pointer;
  color: #a8a8a8;
  overflow: hidden;
  text-overflow: ellipsis;
  display: -webkit-box;
  -webkit-line-clamp: 1;
  line-clamp: 1;
  -webkit-box-orient: vertical;
  -webkit-touch-callout: none;
  -webkit-user-select: none;
  -khtml-user-select: none;
  -moz-user-select: none;
  -ms-user-select: none;
  -webkit-user-select: none;
  -moz-user-select: none;
  -ms-user-select: none;
  user-select: none;
}

.c5 {
  position: fixed;
  top: 0;
  bottom: 0;
  left: 0;
  right: 0;
  z-index: 30;
}

.c0 {
  position: relative;
  width: -webkit-max-content;
  width: -moz-max-content;
  width: max-content;
}

.c0 .c1 {
  border: 0.1rem solid #b1b8be;
}

.c0 .c1:hover {
  border: 0.1rem solid #0f194b;
}

<div
  class="c0"
>
  <div
    aria-label="dropdown-container"
    class="c1 c2"
    role="menu"
  >
    <div
      aria-label="dropdown-header"
      class="c3"
    >
      <title
        aria-label="dropdown-title"
        class="c4"
      >
        title test
      </title>
      <svg
        viewBox="0 0 16.1 9.9"
        width="16"
        xmlns="http://www.w3.org/2000/svg"
      >
        <path
          d="M14.21 0 8.051 6.137 1.892 0 0 1.889l8.051 8.04 8.049-8.04z"
          data-name="\\\\u21B3Color"
          fill="#215aff"
          style="transition: 0.3s;"
        />
      </svg>
    </div>
  </div>
  <div
    aria-hidden="true"
    aria-label="dropdown-overlay"
    class="c5"
  />
</div>
`;
